 
-n UNRAVEL  /proj/seg/team/sgwoods/yj-sun/Gen++/SteveCode 
Fri Oct 10 14:01:27 EST 1997
 
-n UNRAVEL  /proj/seg/team/sgwoods/yj-sun/Gen++/SteveCode 
Fri Oct 10 14:01:52 EST 1997
-n ANALYZER   
Fri Oct 10 14:02:01 EST 1997
CPP Flags:
parser Flags:

test.c summary
  15 Source program lines
  14 Source program statements (flow graph nodes)
   0 Global variables
   0 Pointers to structure chains
   0 Addresses (variables referenced by pointer)
   1 Procedures defined
   0 External procedures called

Procedures defined:
main   
test.c (116 chars) analysis complete 1 secs  116 chars/sec
 
running map
Main program file test.c requires 1 files: test.c 
 
-n UNRAVEL  /proj/seg/team/sgwoods/yj-sun/Gen++/SteveCode 
Fri Oct 10 14:07:37 EST 1997
Link & Slice  Fri Oct 10 14:07:43 1997

Linking test.c
test.c already linked
unravel version 2.2+
slice on i (in main) at line 9 in test.c (9 stmts in 0:1)
 
-n UNRAVEL  /proj/seg/team/sgwoods/yj-sun/Gen++/SteveCode 
Fri Oct 10 14:25:27 EST 1997
 
-n UNRAVEL  /proj/seg/team/sgwoods/yj-sun/Gen++/SteveCode 
Mon Oct 20 17:18:28 EST 1997
-n ANALYZER   
Mon Oct 20 17:18:33 EST 1997
CPP Flags:
parser Flags:

2func1.c summary
   5 Source program lines
   4 Source program statements (flow graph nodes)
   0 Global variables
   0 Pointers to structure chains
   0 Addresses (variables referenced by pointer)
   1 Procedures defined
   0 External procedures called

Procedures defined:
func1   
2func1.c (41 chars) analysis complete 1 secs  41 chars/sec

2test.c summary
  18 Source program lines
  15 Source program statements (flow graph nodes)
   0 Global variables
   0 Pointers to structure chains
   0 Addresses (variables referenced by pointer)
   1 Procedures defined
   1 External procedures called

Procedures defined:
main    

External procedures called:
func1   
2test.c (162 chars) analysis complete 1 secs  162 chars/sec
 
running map
Main program file test.c requires 1 files: test.c 
Main program file 2test.c requires 2 files: 2test.c 2func1.c 
CPP Flags:
parser Flags:

2func1.c summary
   5 Source program lines
   4 Source program statements (flow graph nodes)
   0 Global variables
   0 Pointers to structure chains
   0 Addresses (variables referenced by pointer)
   1 Procedures defined
   0 External procedures called

Procedures defined:
func1   
2func1.c (41 chars) analysis complete 1 secs  41 chars/sec

2test.c summary
  18 Source program lines
  15 Source program statements (flow graph nodes)
   0 Global variables
   0 Pointers to structure chains
   0 Addresses (variables referenced by pointer)
   1 Procedures defined
   1 External procedures called

Procedures defined:
main    

External procedures called:
func1   
2test.c (162 chars) analysis complete 1 secs  162 chars/sec
 
running map
Main program file test.c requires 1 files: test.c 
Main program file 2test.c requires 2 files: 2test.c 2func1.c 
Link & Slice  Mon Oct 20 17:19:26 1997

F I N I S H E D
unravel version 2.2+
slice on <no name: id is zero> (in global) at line 10 in 2test.c (3 stmts in 0:1)
slice on x (in func1) at line 2 in 2func1.c (8 stmts in 0:1)
slice on x (in func1) at line 4 in 2func1.c (8 stmts in 0:1)
slice on x (in func1) at line 10 in 2test.c (3 stmts in 0:1)
slice on x (in func1) at line 9 in 2test.c (3 stmts in 0:1)
slice on i (in main) at line 2 in 2func1.c (8 stmts in 0:1)
slice on i (in main) at line 10 in 2test.c (4 stmts in 0:1)
slice on i (in main) at line 9 in 2test.c (4 stmts in 0:1)
slice on i (in main) at line 12 in 2test.c (14 stmts in 0:1)
slice on i (in main) at line 15 in 2test.c (14 stmts in 0:1)
 
-n UNRAVEL  /proj/seg/team/sgwoods/yj-sun/Gen++/SteveCode 
Mon Oct 20 17:21:44 EST 1997
-n ANALYZER   
Mon Oct 20 17:21:49 EST 1997
CPP Flags:
parser Flags:

2test.c summary
  18 Source program lines
  15 Source program statements (flow graph nodes)
   0 Global variables
   0 Pointers to structure chains
   0 Addresses (variables referenced by pointer)
   1 Procedures defined
   1 External procedures called

Procedures defined:
main    

External procedures called:
func1   
2test.c (162 chars) analysis complete 1 secs  162 chars/sec

2func1.c summary
   5 Source program lines
   4 Source program statements (flow graph nodes)
   0 Global variables
   0 Pointers to structure chains
   0 Addresses (variables referenced by pointer)
   1 Procedures defined
   0 External procedures called

Procedures defined:
func1   
2func1.c (41 chars) analysis complete 1 secs  41 chars/sec
 
running map
Main program file test.c requires 1 files: test.c 
Main program file 2test.c requires 2 files: 2test.c 2func1.c 
 
-n UNRAVEL  /proj/seg/team/sgwoods/yj-sun/Gen++/SteveCode 
Mon Oct 20 17:31:56 EST 1997
-n ANALYZER   
Mon Oct 20 17:32:01 EST 1997
CPP Flags:
parser Flags:

2test.c summary
  18 Source program lines
  15 Source program statements (flow graph nodes)
   0 Global variables
   0 Pointers to structure chains
   0 Addresses (variables referenced by pointer)
   1 Procedures defined
   1 External procedures called

Procedures defined:
main    

External procedures called:
func1   
2test.c (162 chars) analysis complete 1 secs  162 chars/sec
 
running map
Main program file test.c requires 1 files: test.c 
Main program file 2test.c requires 2 files: 2test.c 2func1.c 
 
-n UNRAVEL  /proj/seg/team/sgwoods/yj-sun/Gen++/SteveCode 
Mon Oct 20 17:34:40 EST 1997
 
-n UNRAVEL  /proj/seg/team/sgwoods/yj-sun/Gen++/SteveCode 
Mon Oct 27 14:10:49 EST 1997
Link & Slice  Mon Oct 27 14:11:27 1997

F I N I S H E D
unravel version 2.2+
slice on <no name: id is zero> (in global) at line 12 in test.c (3 stmts in 0:1)
slice on <no name: id is zero> (in global) at line 11 in test.c (3 stmts in 0:1)
slice on <no name: id is zero> (in global) at line 9 in test.c (3 stmts in 0:1)
slice on <no name: id is zero> (in global) at line 7 in test.c (3 stmts in 0:1)
slice on i (in main) at line 5 in test.c (3 stmts in 0:1)
slice on i (in main) at line 9 in test.c (9 stmts in 0:1)
slice on i (in main) at line 7 in test.c (4 stmts in 0:1)
slice on i (in main) at line 11 in test.c (9 stmts in 0:1)
slice on i (in main) at line 3 in test.c (3 stmts in 0:1)
-n ANALYZER   
Mon Oct 27 14:10:58 EST 1997
CPP Flags:
parser Flags:

test.c summary
  15 Source program lines
  14 Source program statements (flow graph nodes)
   0 Global variables
   0 Pointers to structure chains
   0 Addresses (variables referenced by pointer)
   1 Procedures defined
   0 External procedures called

Procedures defined:
main   
test.c (116 chars) analysis complete 1 secs  116 chars/sec
 
running map
Main program file test.c requires 1 files: test.c 
Main program file 2test.c requires 2 files: 2test.c 2func1.c 
 
-n UNRAVEL  /proj/seg/team/sgwoods/yj-sun/Gen++/SteveCode 
Thu Oct 30 09:21:32 EST 1997
-n ANALYZER   
Thu Oct 30 09:21:38 EST 1997
Link & Slice  Thu Oct 30 09:21:42 1997

test.c already linked
unravel version 2.2+
slice on i (in main) at line 12 in test.c (9 stmts in 0:1)
 
-n UNRAVEL  /proj/seg/team/sgwoods/yj-sun/Gen++/SteveCode 
Thu Oct 30 09:24:21 EST 1997
-n ANALYZER   
Thu Oct 30 09:24:24 EST 1997
 
-n UNRAVEL  /proj/seg/team/sgwoods/yj-sun/Gen++/SteveCode 
Thu Oct 30 09:25:04 EST 1997
-n ANALYZER   
Thu Oct 30 09:25:06 EST 1997
CPP Flags:
parser Flags:

test-alex.c summary
  18 Source program lines
  17 Source program statements (flow graph nodes)
   0 Global variables
   0 Pointers to structure chains
   0 Addresses (variables referenced by pointer)
   1 Procedures defined
   0 External procedures called

Procedures defined:
main   
test-alex.c (132 chars) analysis complete 1 secs  132 chars/sec
 
running map
Main program file test.c requires 1 files: test.c 
Main program file test-alex.c requires 1 files: test-alex.c 
Main program file 2test.c requires 2 files: 2test.c 2func1.c 
Link & Slice  Thu Oct 30 09:25:25 1997

F I N I S H E D
unravel version 2.2+
slice on <no name: id is zero> (in global) at line 8 in test-alex.c (3 stmts in 0:1)
slice on i (in main) at line 8 in test-alex.c (4 stmts in 0:1)
slice on i (in main) at line 14 in test-alex.c (10 stmts in 0:1)
slice on i (in main) at line 17 in test-alex.c (10 stmts in 0:1)
slice on i (in main) at line 11 in test-alex.c (10 stmts in 0:1)
 
-n UNRAVEL  /proj/seg/team/sgwoods/yj-sun/Gen++/SteveCode 
Thu Oct 30 09:27:54 EST 1997
-n ANALYZER   
Thu Oct 30 09:27:57 EST 1997
CPP Flags:
parser Flags:

test-alex.c summary
  18 Source program lines
  17 Source program statements (flow graph nodes)
   0 Global variables
   0 Pointers to structure chains
   0 Addresses (variables referenced by pointer)
   1 Procedures defined
   0 External procedures called

Procedures defined:
main   
test-alex.c (132 chars) analysis complete 1 secs  132 chars/sec
 
running map
Main program file test.c requires 1 files: test.c 
Main program file test-alex.c requires 1 files: test-alex.c 
Main program file 2test.c requires 2 files: 2test.c 2func1.c 
Link & Slice  Thu Oct 30 09:28:08 1997

F I N I S H E D
unravel version 2.2+
slice on i (in main) at line 17 in test-alex.c (10 stmts in 0:1)
-n ANALYZER   
Thu Oct 30 09:28:35 EST 1997
CPP Flags:
parser Flags:

test-alex.c summary
  20 Source program lines
  18 Source program statements (flow graph nodes)
   0 Global variables
   0 Pointers to structure chains
   0 Addresses (variables referenced by pointer)
   1 Procedures defined
   0 External procedures called

Procedures defined:
main   
test-alex.c (142 chars) analysis complete 1 secs  142 chars/sec
 
running map
Main program file test.c requires 1 files: test.c 
Main program file test-alex.c requires 1 files: test-alex.c 
Main program file 2test.c requires 2 files: 2test.c 2func1.c 
