 
UNRAVEL  /fsys/sgw/Software/Seg/Unravel/unravel_r2.2+ Tue Apr 21 16:06:05 EDT 1998
ANALYZER   Tue Apr 21 16:12:11 EDT 1998
 
UNRAVEL  /fsys/sgw/Software/Seg/Unravel/unravel_r2.2+ Tue Apr 21 16:12:38 EDT 1998
ANALYZER   Tue Apr 21 16:12:43 EDT 1998
 
UNRAVEL  /fsys/sgw/Software/Seg/Unravel/unravel_r2.2+ Tue Apr 21 16:14:29 EDT 1998
 
UNRAVEL  /fsys/sgw/Software/Seg/Unravel/unravel_r2.2+ Tue Apr 21 16:17:01 EDT 1998
ANALYZER   Tue Apr 21 16:17:04 EDT 1998
 
UNRAVEL  /fsys/sgw/Software/Seg/Unravel/unravel_r2.2+ Tue Apr 21 16:18:17 EDT 1998
ANALYZER   Tue Apr 21 16:18:19 EDT 1998
CPP Flags:
parser Flags:
amoeba.c is not ANSI C (compile errors)
sh: /usr/local/bin/cc: not found
 
running map
sh: /proj/seg/team/sgwoods/Unravel/unravel_r2.2+/map: not found
 
UNRAVEL  /fsys/sgw/Software/Seg/Unravel/unravel_r2.2+ Mon Sep 28 13:52:07 EDT 1998
ANALYZER   Mon Sep 28 13:52:12 EDT 1998
ANALYZER   Mon Sep 28 13:52:30 EDT 1998
ANALYZER   Mon Sep 28 13:53:29 EDT 1998
 
UNRAVEL  /fsys/sgw/Software/Seg/Unravel/unravel_r2.2+ Mon Sep 28 14:01:38 EDT 1998
ANALYZER   Mon Sep 28 14:01:41 EDT 1998
CPP Flags:
parser Flags:
client.c is not ANSI C (compile errors)
parser: syntax error near line 30 in file /software/gcc-2.7.2/lib/gcc-lib/sparc-sun-solaris2.5.1/2.7.2/include/sys/byteorder.h
server.c is not ANSI C (compile errors)
parser: syntax error near line 30 in file /software/gcc-2.7.2/lib/gcc-lib/sparc-sun-solaris2.5.1/2.7.2/include/sys/byteorder.h
 
running map
Main program file amoeba.c requires 1 files: amoeba.c 
Warning: Cannot allocate colormap entry for "seashell3"
TEST OUTPUT main in select.c 0 sgw
Link & Slice  Mon Sep 28 14:02:27 1998

Linking amoeba.c
amoeba.c already linked
Warning: Cannot allocate colormap entry for "seashell3"
Warning: Cannot allocate colormap entry for "LightBlue1"
unravel version 2.2+
TEST OUTPUT main in u.c  0 sgw
TEST OUTPUT in create_widgets from in u.c  0 sgw
