 
-n UNRAVEL  /proj/seg/team/sgwoods/Unravel/unravel_r2.2+/examples 
Fri Nov 21 13:55:39 EST 1997
 
-n UNRAVEL  /proj/seg/team/sgwoods/Unravel/unravel_r2.2+/examples 
Fri Nov 21 13:59:26 EST 1997
-n ANALYZER   
Fri Nov 21 13:59:28 EST 1997
CPP Flags:
parser Flags:

amoeba.c summary
  22 Source program lines
  17 Source program statements (flow graph nodes)
   0 Global variables
   0 Pointers to structure chains
   3 Addresses (variables referenced by pointer)
   1 Procedures defined
   2 External procedures called

Procedures defined:
main     

External procedures called:
scanf    printf   
amoeba.c (338 chars) analysis complete 1 secs  338 chars/sec
 
running map
Main program file amoeba.c requires 1 files: amoeba.c 
 
-n UNRAVEL  /proj/seg/team/sgwoods/Unravel/unravel_r2.2+/examples 
Fri Nov 21 14:13:48 EST 1997
 
-n UNRAVEL  /proj/seg/team/sgwoods/Unravel/unravel_r2.2+/examples 
Fri Nov 21 14:16:30 EST 1997
TEST OUTPUT Select 0 sgw
Link & Slice  Fri Nov 21 14:16:32 1997

Linking amoeba.c
amoeba.c already linked
TEST OUTPUT main in u.c  0 sgw
unravel version 2.2+
TEST OUTPUT in slicecall from in u.c  0 sgw
TEST OUTPUT do_slice in u.c  0 sgw
call slice at line 22 (line 22 in file amoeba.)
global var 
TEST OUTPUT Slice.c 0 sgw
TEST OUTPUT in slicecall from in u.c  0 sgw
call slice at line 22 (line 22 in file amoeba.)
local var x
 
-n UNRAVEL  /proj/seg/team/sgwoods/Unravel/unravel_r2.2+/examples 
Fri Nov 21 14:17:01 EST 1997
TEST OUTPUT Select 0 sgw
Link & Slice  Fri Nov 21 14:17:02 1997

Linking amoeba.c
amoeba.c already linked
TEST OUTPUT main in u.c  0 sgw
unravel version 2.2+
 
-n UNRAVEL  /proj/seg/team/sgwoods/Unravel/unravel_r2.2+/examples 
Fri Nov 21 14:19:41 EST 1997
TEST OUTPUT Select 0 sgw
Link & Slice  Fri Nov 21 14:19:43 1997

Linking amoeba.c
amoeba.c already linked
TEST OUTPUT main in u.c  0 sgw
TEST OUTPUT in create_widgets from in u.c  0 sgw
unravel version 2.2+
TEST OUTPUT in slicecall from in u.c  0 sgw
call slice at line 22 (line 22 in file amoeba.)
local var x
 
-n UNRAVEL  /proj/seg/team/sgwoods/Unravel/unravel_r2.2+/examples 
Fri Nov 21 14:21:20 EST 1997
TEST OUTPUT Select 0 sgw
Link & Slice  Fri Nov 21 14:21:23 1997

Linking amoeba.c
amoeba.c already linked
TEST OUTPUT main in u.c  0 sgw
TEST OUTPUT in create_widgets from in u.c  0 sgw
unravel version 2.2+
 
-n UNRAVEL  /proj/seg/team/sgwoods/Unravel/unravel_r2.2+/examples 
Fri Nov 21 14:38:30 EST 1997
TEST OUTPUT main in select.c 0 sgw
Link & Slice  Fri Nov 21 14:38:34 1997

Linking amoeba.c
amoeba.c already linked
unravel version 2.2+
TEST OUTPUT main in u.c  0 sgw
TEST OUTPUT in create_widgets from in u.c  0 sgw
call slice at line 22 (line 22 in file amoeba.)
local var x
TEST OUTPUT in slicecall from in u.c  0 sgw
 
UNRAVEL  /fsys/sgw/Software/Seg/Unravel/unravel_r2.2+/examples Tue Apr 21 16:13:21 EDT 1998
 
UNRAVEL  /fsys/sgw/Software/Seg/Unravel/unravel_r2.2+/examples Tue Apr 21 16:16:30 EDT 1998
